// Jest Snapshot v1, https://goo.gl/fbAQLP

exports[`Es hora de las instantaneas Siempre fallarara el snapshot 1`] = `
Object {
  "createAt": 2021-05-09T06:59:06.510Z,
  "id": 6,
}
`;

exports[`Es hora de las instantaneas Snapshot 1`] = `
Object {
  "gender": "Male",
  "id": 1,
  "name": "Rick Sanches",
  "species": "Human",
  "status": "Alive",
}
`;

exports[`Es hora de las instantaneas Tenemos una exepcion en el condigo 1`] = `
Object {
  "id": Any<Number>,
  "name": "Jimmy MUNOZ",
}
`;
